tests/test_api.py::TestValidateUrl::test_valid_https_url
tests/test_api.py::TestValidateUrl::test_valid_https_url_with_path
tests/test_api.py::TestValidateUrl::test_valid_https_url_with_port
tests/test_api.py::TestValidateUrl::test_valid_localhost
tests/test_api.py::TestValidateUrl::test_valid_localhost_with_port
tests/test_integration.py::TestEndToEndConfigToSensor::test_full_lifecycle_login_fetch_parse_sensor
tests/test_integration.py::TestEndToEndConfigToSensor::test_lifecycle_with_session_reauth
tests/test_integration.py::TestEndToEndConfigToSensor::test_lifecycle_fetch_failure_then_recovery
tests/test_integration.py::TestEndToEndConfigToSensor::test_lifecycle_unavailable_after_three_failures
tests/test_integration.py::TestEndToEndConfigFlowValidation::test_valid_credentials_flow
tests/test_integration.py::TestEndToEndConfigFlowValidation::test_invalid_credentials_prevent_setup
tests/test_integration.py::TestEndToEndConfigFlowValidation::test_connection_failure_prevents_setup
tests/test_integration.py::TestEndToEndConfigFlowValidation::test_url_validation_rejects_invalid_urls
tests/test_integration.py::TestEndToEndSensorUpdates::test_sensor_reflects_updated_timetable
tests/test_integration.py::TestEndToEndSensorUpdates::test_sensor_retains_data_on_update_failure
tests/test_integration.py::TestEndToEndSensorUpdates::test_full_parse_pipeline_preserves_data_structure
tests/test_integration.py::TestEndToEndSensorUpdates::test_no_upcoming_lessons_shows_correct_state
tests/test_integration.py::TestEndToEndSensorUpdates::test_empty_timetable_shows_no_lessons
tests/test_url_validation_property.py::test_validate_url_matches_reference_for_arbitrary_strings

130 tests collected in 0.18s
